[anuragsinghbam.netlify.app/index.html]
[anuragsinghbam.netlify.app/style.css]
[anuragsinghbam.netlify.app/images/name-logo-favicon.svg]
[pro.fontawesome.com/releases/v5.10.0/css/all.css]
[cdn.jsdelivr.net/gh/IonicaBizau/github-calendar@gh-pages/dist/github-calendar.css]
[backblue.gif]
[fade.gif]
[index.html]
[unpkg.com/swiper@11.1.14/swiper-bundle.min.css]
[anuragsinghbam.netlify.app/images/moon.png]
[anuragsinghbam.netlify.app/images/telegram.svg]
[anuragsinghbam.netlify.app/images/right-arrow.svg]
[anuragsinghbam.netlify.app/images/name-logo.svg]
[anuragsinghbam.netlify.app/images/coder.svg]
[anuragsinghbam.netlify.app/images/harigurus.webp]
[anuragsinghbam.netlify.app/images/eazygrad.webp]
[anuragsinghbam.netlify.app/images/web-dev-english.webp]
[anuragsinghbam.netlify.app/images/money-arjan.webp]
[anuragsinghbam.netlify.app/images/pioneer-digital.webp]
[anuragsinghbam.netlify.app/images/expense-tracker.webp]
[anuragsinghbam.netlify.app/images/currency-converter.webp]
[anuragsinghbam.netlify.app/images/saatvik.webp]
[anuragsinghbam.netlify.app/images/kira.webp]
[anuragsinghbam.netlify.app/images/Srihari.webp]
[anuragsinghbam.netlify.app/images/gautham.webp]
[anuragsinghbam.netlify.app/images/contact-me.svg]
[cdnjs.cloudflare.com/ajax/libs/matter-js/0.12.0/matter.min.js]
[cdn.jsdelivr.net/npm/matter-wrap@0.2.0/build/matter-wrap.min.js]
[cdn.jsdelivr.net/npm/matter-attractors@0.1.6/build/matter-attractors.min.js]
[cdnjs.cloudflare.com/ajax/libs/jquery/3.4.1/jquery.min.js]
[unpkg.com/swiper@11.1.14/swiper-bundle.min.js]
[anuragsinghbam.netlify.app/matter.js]
[anuragsinghbam.netlify.app/index.html]
[anuragsinghbam.netlify.app/style.css]
[anuragsinghbam.netlify.app/images/name-logo-favicon.svg]
[anuragsinghbam.netlify.app/script.js]
[pro.fontawesome.com/releases/v5.10.0/css/all.css]
[cdn.jsdelivr.net/gh/IonicaBizau/github-calendar@gh-pages/dist/github-calendar.css]
[unpkg.com/swiper@11.1.14/swiper-bundle.min.css]
[anuragsinghbam.netlify.app/images/name-logo-white.svg]
[anuragsinghbam.netlify.app/images/phone.svg]
[anuragsinghbam.netlify.app/images/telegram.svg]
[anuragsinghbam.netlify.app/images/right-arrow.svg]
[anuragsinghbam.netlify.app/images/name-logo.svg]
[anuragsinghbam.netlify.app/images/x.svg]
[anuragsinghbam.netlify.app/images/coder.svg]
[anuragsinghbam.netlify.app/images/contact-me.svg]
